============================== 
AI Stock Predict Start 
2026/07/28 秅 23:02:00.06 
============================== 
============================== 
AI Stock Predict Start 
2026/07/28 秅 23:03:01.57 
============================== 
============================== 
AI Stock Predict Start 
2026/07/28 秅 23:04:20.72 
============================== 
============================== 
AI Stock Predict Start 
閫变簩 2026/07/28 23:06:10.42 
============================== 
============================== 
AI Stock Predict Start 
閫变簩 2026/07/28 23:10:24.31 
============================== 
============================== 
AI Stock Predict Start 
閫变簩 2026/07/28 23:13:27.65 
============================== 
============================== 
AI Stock Predict Start 
閫变簩 2026/07/28 23:25:47.74 
============================== 
============================== 
AI Stock Predict Start 
閫变簩 2026/07/28 23:27:33.92 
============================== 
============================== 
AI Stock Predict Start 
閫变簩 2026/07/28 23:29:19.53 
============================== 
============================== 
AI Stock Predict Start 
閫变簩 2026/07/28 23:30:37.51 
============================== 
============================== 
AI Stock Predict Start 
閫变簩 2026/07/28 23:31:46.64 
============================== 
============================== 
AI Stock Predict Start 
閫变簩 2026/07/28 23:34:42.18 
============================== 
============================== 
AI Stock Predict Start 
閫变簩 2026/07/28 23:36:15.39 
============================== 
============================== 
AI Stock Predict Start 
閫变簩 2026/07/28 23:37:42.46 
============================== 
============================== 
AI Stock Predict Start 
閫变笁 2026/07/29  0:05:37.48 
============================== 
============================== 
AI Stock Predict Start 
閫变簩 2026/08/04 17:38:38.54 
============================== 
============================== 
AI Stock Predict Start 
閫变笁 2026/08/05 17:43:49.85 
============================== 
