Traceback (most recent call last):
  File "<frozen runpy>", line 198, in _run_module_as_main
  File "<frozen runpy>", line 88, in _run_code
  File "C:\Python313\Lib\site-packages\uvicorn\__main__.py", line 4, in <module>
    uvicorn.main()
    ~~~~~~~~~~~~^^
  File "C:\Python313\Lib\site-packages\click\core.py", line 1524, in __call__
    return self.main(*args, **kwargs)
           ~~~~~~~~~^^^^^^^^^^^^^^^^^
  File "C:\Python313\Lib\site-packages\click\core.py", line 1445, in main
    rv = self.invoke(ctx)
  File "C:\Python313\Lib\site-packages\click\core.py", line 1308, in invoke
    return ctx.invoke(self.callback, **ctx.params)
           ~~~~~~~~~~^^^^^^^^^^^^^^^^^^^^^^^^^^^^^
  File "C:\Python313\Lib\site-packages\click\core.py", line 877, in invoke
    return callback(*args, **kwargs)
  File "C:\Python313\Lib\site-packages\uvicorn\main.py", line 441, in main
    run(
    ~~~^
        app,
        ^^^^
    ...<48 lines>...
        reset_contextvars=reset_contextvars,
        ^^^^^^^^^^^^^^^^^^^^^^^^^^^^^^^^^^^^
    )
    ^
  File "C:\Python313\Lib\site-packages\uvicorn\main.py", line 609, in run
    config.load_app()
    ~~~~~~~~~~~~~~~^^
  File "C:\Python313\Lib\site-packages\uvicorn\config.py", line 415, in load_app
    return import_from_string(self.app)
  File "C:\Python313\Lib\site-packages\uvicorn\importer.py", line 22, in import_from_string
    raise exc from None
  File "C:\Python313\Lib\site-packages\uvicorn\importer.py", line 19, in import_from_string
    module = importlib.import_module(module_str)
  File "C:\Python313\Lib\importlib\__init__.py", line 88, in import_module
    return _bootstrap._gcd_import(name[level:], package, level)
           ~~~~~~~~~~~~~~~~~~~~~~^^^^^^^^^^^^^^^^^^^^^^^^^^^^^^
  File "<frozen importlib._bootstrap>", line 1387, in _gcd_import
  File "<frozen importlib._bootstrap>", line 1360, in _find_and_load
  File "<frozen importlib._bootstrap>", line 1331, in _find_and_load_unlocked
  File "<frozen importlib._bootstrap>", line 935, in _load_unlocked
  File "<frozen importlib._bootstrap_external>", line 1026, in exec_module
  File "<frozen importlib._bootstrap>", line 488, in _call_with_frames_removed
  File "D:\AI_stock_predict\app.py", line 5, in <module>
    from market_data import(
        get_market_data
    )
  File "D:\AI_stock_predict\market_data.py", line 1, in <module>
    import yfinance as yf
ModuleNotFoundError: No module named 'yfinance'
^C2026-07-28 23:04:34.705 | INFO     | FinMind.data.finmind_api:login_by_token:85 - Login success
INFO:     Started server process [9992]
INFO:     Waiting for application startup.
ERROR:    Traceback (most recent call last):
  File "D:\conda_envs\stock_ai\Lib\site-packages\starlette\routing.py", line 638, in lifespan
    async with self.lifespan_context(app) as maybe_state:
  File "D:\conda_envs\stock_ai\Lib\site-packages\fastapi\routing.py", line 241, in __aenter__
    await self._router._startup()
  File "D:\conda_envs\stock_ai\Lib\site-packages\fastapi\routing.py", line 4886, in _startup
    handler()
  File "D:\AI_stock_predict\app.py", line 63, in startup_event
    start_scheduler()
  File "D:\AI_stock_predict\scheduler.py", line 294, in start_scheduler
    run_daily_validation()
  File "D:\AI_stock_predict\scheduler.py", line 263, in run_daily_validation
    print(
UnicodeEncodeError: 'cp950' codec can't encode character '\U0001f4c5' in position 0: illegal multibyte sequence

ERROR:    Application startup failed. Exiting.
2026-07-28 23:06:18.157 | INFO     | FinMind.data.finmind_api:login_by_token:85 - Login success
INFO:     Started server process [4204]
INFO:     Waiting for application startup.
ERROR:    Traceback (most recent call last):
  File "D:\conda_envs\stock_ai\Lib\site-packages\starlette\routing.py", line 638, in lifespan
    async with self.lifespan_context(app) as maybe_state:
  File "D:\conda_envs\stock_ai\Lib\site-packages\fastapi\routing.py", line 241, in __aenter__
    await self._router._startup()
  File "D:\conda_envs\stock_ai\Lib\site-packages\fastapi\routing.py", line 4886, in _startup
    handler()
  File "D:\AI_stock_predict\app.py", line 63, in startup_event
    start_scheduler()
  File "D:\AI_stock_predict\scheduler.py", line 294, in start_scheduler
    run_daily_validation()
  File "D:\AI_stock_predict\scheduler.py", line 263, in run_daily_validation
    print(
UnicodeEncodeError: 'cp950' codec can't encode character '\U0001f4c5' in position 0: illegal multibyte sequence

ERROR:    Application startup failed. Exiting.
2026-07-28 23:10:31.782 | INFO     | FinMind.data.finmind_api:login_by_token:85 - Login success
INFO:     Started server process [11500]
INFO:     Waiting for application startup.
ERROR:    Traceback (most recent call last):
  File "D:\conda_envs\stock_ai\Lib\site-packages\starlette\routing.py", line 638, in lifespan
    async with self.lifespan_context(app) as maybe_state:
  File "D:\conda_envs\stock_ai\Lib\site-packages\fastapi\routing.py", line 241, in __aenter__
    await self._router._startup()
  File "D:\conda_envs\stock_ai\Lib\site-packages\fastapi\routing.py", line 4886, in _startup
    handler()
  File "D:\AI_stock_predict\app.py", line 63, in startup_event
    start_scheduler()
  File "D:\AI_stock_predict\scheduler.py", line 294, in start_scheduler
    run_daily_validation()
  File "D:\AI_stock_predict\scheduler.py", line 269, in run_daily_validation
    shift_untraded_prediction_dates()
  File "D:\AI_stock_predict\log_manager.py", line 358, in shift_untraded_prediction_dates
    print("\U0001f504 開始檢查 SQLite 休市預測日期")
UnicodeEncodeError: 'cp950' codec can't encode character '\U0001f504' in position 0: illegal multibyte sequence

ERROR:    Application startup failed. Exiting.
[INFO] 開始每日休市檢查：2026-07-28 23:10:33
2026-07-28 23:13:35.196 | INFO     | FinMind.data.finmind_api:login_by_token:85 - Login success
INFO:     Started server process [19408]
INFO:     Waiting for application startup.
ERROR:    Traceback (most recent call last):
  File "D:\conda_envs\stock_ai\Lib\site-packages\starlette\routing.py", line 638, in lifespan
    async with self.lifespan_context(app) as maybe_state:
  File "D:\conda_envs\stock_ai\Lib\site-packages\fastapi\routing.py", line 241, in __aenter__
    await self._router._startup()
  File "D:\conda_envs\stock_ai\Lib\site-packages\fastapi\routing.py", line 4886, in _startup
    handler()
  File "D:\AI_stock_predict\app.py", line 63, in startup_event
    start_scheduler()
  File "D:\AI_stock_predict\scheduler.py", line 294, in start_scheduler
    run_daily_validation()
  File "D:\AI_stock_predict\scheduler.py", line 272, in run_daily_validation
    print(
UnicodeEncodeError: 'cp950' codec can't encode character '\U0001f552' in position 0: illegal multibyte sequence

ERROR:    Application startup failed. Exiting.
[INFO] 開始每日休市檢查：2026-07-28 23:13:37
[CHECK] 開始檢查 SQLite 休市預測日期

==================================================
SQLite 休市日期檢查完成
==================================================
更新：0
略過：21
失敗：0
2026-07-28 23:25:55.140 | INFO     | FinMind.data.finmind_api:login_by_token:85 - Login success
INFO:     Started server process [5156]
INFO:     Waiting for application startup.
ERROR:    Traceback (most recent call last):
  File "D:\conda_envs\stock_ai\Lib\site-packages\starlette\routing.py", line 638, in lifespan
    async with self.lifespan_context(app) as maybe_state:
  File "D:\conda_envs\stock_ai\Lib\site-packages\fastapi\routing.py", line 241, in __aenter__
    await self._router._startup()
  File "D:\conda_envs\stock_ai\Lib\site-packages\fastapi\routing.py", line 4886, in _startup
    handler()
  File "D:\AI_stock_predict\app.py", line 63, in startup_event
    start_scheduler()
  File "D:\AI_stock_predict\scheduler.py", line 294, in start_scheduler
    run_daily_validation()
  File "D:\AI_stock_predict\scheduler.py", line 278, in run_daily_validation
    update_prediction_result()
  File "D:\AI_stock_predict\log_manager.py", line 515, in update_prediction_result
    print("\U0001f525 update_prediction_result 啟動")
UnicodeEncodeError: 'cp950' codec can't encode character '\U0001f525' in position 0: illegal multibyte sequence

ERROR:    Application startup failed. Exiting.
[INFO] 開始每日休市檢查：2026-07-28 23:25:57
[CHECK] 開始檢查 SQLite 休市預測日期

==================================================
SQLite 休市日期檢查完成
==================================================
更新：0
略過：21
失敗：0
[RUN] 開始每日預測驗證：2026-07-28 23:25:57
2026-07-28 23:27:42.007 | INFO     | FinMind.data.finmind_api:login_by_token:85 - Login success
INFO:     Started server process [13484]
INFO:     Waiting for application startup.
ERROR:    Traceback (most recent call last):
  File "D:\conda_envs\stock_ai\Lib\site-packages\starlette\routing.py", line 638, in lifespan
    async with self.lifespan_context(app) as maybe_state:
  File "D:\conda_envs\stock_ai\Lib\site-packages\fastapi\routing.py", line 241, in __aenter__
    await self._router._startup()
  File "D:\conda_envs\stock_ai\Lib\site-packages\fastapi\routing.py", line 4886, in _startup
    handler()
  File "D:\AI_stock_predict\app.py", line 63, in startup_event
    start_scheduler()
  File "D:\AI_stock_predict\scheduler.py", line 294, in start_scheduler
    run_daily_validation()
  File "D:\AI_stock_predict\scheduler.py", line 278, in run_daily_validation
    update_prediction_result()
  File "D:\AI_stock_predict\log_manager.py", line 564, in update_prediction_result
    print(
UnicodeEncodeError: 'cp950' codec can't encode character '\u23f3' in position 0: illegal multibyte sequence

ERROR:    Application startup failed. Exiting.
[INFO] 開始每日休市檢查：2026-07-28 23:27:44
[CHECK] 開始檢查 SQLite 休市預測日期

==================================================
SQLite 休市日期檢查完成
==================================================
更新：0
略過：21
失敗：0
[RUN] 開始每日預測驗證：2026-07-28 23:27:44
[RUN] update_prediction_result 啟動
2026-07-28 23:29:27.559 | INFO     | FinMind.data.finmind_api:login_by_token:85 - Login success
INFO:     Started server process [13540]
INFO:     Waiting for application startup.
ERROR:    Traceback (most recent call last):
  File "D:\conda_envs\stock_ai\Lib\site-packages\starlette\routing.py", line 638, in lifespan
    async with self.lifespan_context(app) as maybe_state:
  File "D:\conda_envs\stock_ai\Lib\site-packages\fastapi\routing.py", line 241, in __aenter__
    await self._router._startup()
  File "D:\conda_envs\stock_ai\Lib\site-packages\fastapi\routing.py", line 4886, in _startup
    handler()
  File "D:\AI_stock_predict\app.py", line 63, in startup_event
    start_scheduler()
  File "D:\AI_stock_predict\scheduler.py", line 294, in start_scheduler
    run_daily_validation()
  File "D:\AI_stock_predict\scheduler.py", line 278, in run_daily_validation
    update_prediction_result()
  File "D:\AI_stock_predict\log_manager.py", line 564, in update_prediction_result
    print(
UnicodeEncodeError: 'cp950' codec can't encode character '\u23f3' in position 0: illegal multibyte sequence

ERROR:    Application startup failed. Exiting.
[INFO] 開始每日休市檢查：2026-07-28 23:29:29
[CHECK] 開始檢查 SQLite 休市預測日期

==================================================
SQLite 休市日期檢查完成
==================================================
更新：0
略過：21
失敗：0
[RUN] 開始每日預測驗證：2026-07-28 23:29:29
[RUN] update_prediction_result 啟動
2026-07-28 23:30:44.893 | INFO     | FinMind.data.finmind_api:login_by_token:85 - Login success
INFO:     Started server process [17464]
INFO:     Waiting for application startup.
ERROR:    Traceback (most recent call last):
  File "D:\conda_envs\stock_ai\Lib\site-packages\starlette\routing.py", line 638, in lifespan
    async with self.lifespan_context(app) as maybe_state:
  File "D:\conda_envs\stock_ai\Lib\site-packages\fastapi\routing.py", line 241, in __aenter__
    await self._router._startup()
  File "D:\conda_envs\stock_ai\Lib\site-packages\fastapi\routing.py", line 4886, in _startup
    handler()
  File "D:\AI_stock_predict\app.py", line 63, in startup_event
    start_scheduler()
  File "D:\AI_stock_predict\scheduler.py", line 294, in start_scheduler
    run_daily_validation()
  File "D:\AI_stock_predict\scheduler.py", line 278, in run_daily_validation
    update_prediction_result()
  File "D:\AI_stock_predict\log_manager.py", line 564, in update_prediction_result
    print(
UnicodeEncodeError: 'cp950' codec can't encode character '\u23f3' in position 0: illegal multibyte sequence

ERROR:    Application startup failed. Exiting.
[INFO] 開始每日休市檢查：2026-07-28 23:30:46
[CHECK] 開始檢查 SQLite 休市預測日期

==================================================
SQLite 休市日期檢查完成
==================================================
更新：0
略過：21
失敗：0
[RUN] 開始每日預測驗證：2026-07-28 23:30:46
[RUN] update_prediction_result 啟動
2026-07-28 23:31:54.794 | INFO     | FinMind.data.finmind_api:login_by_token:85 - Login success
INFO:     Started server process [13084]
INFO:     Waiting for application startup.
ERROR:    Traceback (most recent call last):
  File "D:\conda_envs\stock_ai\Lib\site-packages\starlette\routing.py", line 638, in lifespan
    async with self.lifespan_context(app) as maybe_state:
  File "D:\conda_envs\stock_ai\Lib\site-packages\fastapi\routing.py", line 241, in __aenter__
    await self._router._startup()
  File "D:\conda_envs\stock_ai\Lib\site-packages\fastapi\routing.py", line 4886, in _startup
    handler()
  File "D:\AI_stock_predict\app.py", line 63, in startup_event
    start_scheduler()
  File "D:\AI_stock_predict\scheduler.py", line 298, in start_scheduler
    print(
UnicodeEncodeError: 'cp950' codec can't encode character '\U0001f9e9' in position 0: illegal multibyte sequence

ERROR:    Application startup failed. Exiting.
[INFO] 開始每日休市檢查：2026-07-28 23:31:56
[CHECK] 開始檢查 SQLite 休市預測日期

==================================================
SQLite 休市日期檢查完成
==================================================
更新：0
略過：21
失敗：0
[RUN] 開始每日預測驗證：2026-07-28 23:31:56
[RUN] update_prediction_result 啟動
[RUN] 尚未到預測日期：2330.TW 2026-07-29
[RUN] 尚未到預測日期：2454.TW 2026-07-29
[RUN] 尚未到預測日期：2317.TW 2026-07-29
[RUN] 尚未到預測日期：3661.TW 2026-07-29
[RUN] 尚未到預測日期：6669.TW 2026-07-29
[RUN] 尚未到預測日期：2382.TW 2026-07-29
[RUN] 尚未到預測日期：3231.TW 2026-07-29
[RUN] 尚未到預測日期：2356.TW 2026-07-29
[RUN] 尚未到預測日期：3017.TW 2026-07-29
[RUN] 尚未到預測日期：3443.TW 2026-07-29
[RUN] 尚未到預測日期：2308.TW 2026-07-29
[RUN] 尚未到預測日期：3711.TW 2026-07-29
[RUN] 尚未到預測日期：3037.TW 2026-07-29
[RUN] 尚未到預測日期：2379.TW 2026-07-29
[RUN] 尚未到預測日期：2408.TW 2026-07-29
[RUN] 尚未到預測日期：2337.TW 2026-07-29
[RUN] 尚未到預測日期：2357.TW 2026-07-29
[RUN] 尚未到預測日期：1303.TW 2026-07-29
[RUN] 尚未到預測日期：0050.TW 2026-07-29
[RUN] 尚未到預測日期：2345.TW 2026-07-29
[RUN] 尚未到預測日期：2303.TW 2026-07-29

==================================================
SQLite 預測驗證完成
==================================================
成功：0
略過：21
失敗：0
[OK] 每日驗證流程完成
2026-07-28 23:34:49.283 | INFO     | FinMind.data.finmind_api:login_by_token:85 - Login success
INFO:     Started server process [5016]
INFO:     Waiting for application startup.
ERROR:    Traceback (most recent call last):
  File "D:\conda_envs\stock_ai\Lib\site-packages\starlette\routing.py", line 638, in lifespan
    async with self.lifespan_context(app) as maybe_state:
  File "D:\conda_envs\stock_ai\Lib\site-packages\fastapi\routing.py", line 241, in __aenter__
    await self._router._startup()
  File "D:\conda_envs\stock_ai\Lib\site-packages\fastapi\routing.py", line 4886, in _startup
    handler()
  File "D:\AI_stock_predict\app.py", line 63, in startup_event
    start_scheduler()
  File "D:\AI_stock_predict\scheduler.py", line 298, in start_scheduler
    print(
UnicodeEncodeError: 'cp950' codec can't encode character '\U0001f9e9' in position 0: illegal multibyte sequence

ERROR:    Application startup failed. Exiting.
[INFO] 開始每日休市檢查：2026-07-28 23:34:51
[CHECK] 開始檢查 SQLite 休市預測日期

==================================================
SQLite 休市日期檢查完成
==================================================
更新：0
略過：21
失敗：0
[RUN] 開始每日預測驗證：2026-07-28 23:34:51
[RUN] update_prediction_result 啟動
[RUN] 尚未到預測日期：2330.TW 2026-07-29
[RUN] 尚未到預測日期：2454.TW 2026-07-29
[RUN] 尚未到預測日期：2317.TW 2026-07-29
[RUN] 尚未到預測日期：3661.TW 2026-07-29
[RUN] 尚未到預測日期：6669.TW 2026-07-29
[RUN] 尚未到預測日期：2382.TW 2026-07-29
[RUN] 尚未到預測日期：3231.TW 2026-07-29
[RUN] 尚未到預測日期：2356.TW 2026-07-29
[RUN] 尚未到預測日期：3017.TW 2026-07-29
[RUN] 尚未到預測日期：3443.TW 2026-07-29
[RUN] 尚未到預測日期：2308.TW 2026-07-29
[RUN] 尚未到預測日期：3711.TW 2026-07-29
[RUN] 尚未到預測日期：3037.TW 2026-07-29
[RUN] 尚未到預測日期：2379.TW 2026-07-29
[RUN] 尚未到預測日期：2408.TW 2026-07-29
[RUN] 尚未到預測日期：2337.TW 2026-07-29
[RUN] 尚未到預測日期：2357.TW 2026-07-29
[RUN] 尚未到預測日期：1303.TW 2026-07-29
[RUN] 尚未到預測日期：0050.TW 2026-07-29
[RUN] 尚未到預測日期：2345.TW 2026-07-29
[RUN] 尚未到預測日期：2303.TW 2026-07-29

==================================================
SQLite 預測驗證完成
==================================================
成功：0
略過：21
失敗：0
[OK] 每日驗證流程完成
2026-07-28 23:36:24.220 | INFO     | FinMind.data.finmind_api:login_by_token:85 - Login success
INFO:     Started server process [17792]
INFO:     Waiting for application startup.
ERROR:    Traceback (most recent call last):
  File "D:\conda_envs\stock_ai\Lib\site-packages\starlette\routing.py", line 638, in lifespan
    async with self.lifespan_context(app) as maybe_state:
  File "D:\conda_envs\stock_ai\Lib\site-packages\fastapi\routing.py", line 241, in __aenter__
    await self._router._startup()
  File "D:\conda_envs\stock_ai\Lib\site-packages\fastapi\routing.py", line 4886, in _startup
    handler()
  File "D:\AI_stock_predict\app.py", line 63, in startup_event
    start_scheduler()
  File "D:\AI_stock_predict\scheduler.py", line 348, in start_scheduler
    print(
UnicodeEncodeError: 'cp950' codec can't encode character '\u23f0' in position 0: illegal multibyte sequence

ERROR:    Application startup failed. Exiting.
[INFO] 開始每日休市檢查：2026-07-28 23:36:26
[CHECK] 開始檢查 SQLite 休市預測日期

==================================================
SQLite 休市日期檢查完成
==================================================
更新：0
略過：21
失敗：0
[RUN] 開始每日預測驗證：2026-07-28 23:36:26
[RUN] update_prediction_result 啟動
[RUN] 尚未到預測日期：2330.TW 2026-07-29
[RUN] 尚未到預測日期：2454.TW 2026-07-29
[RUN] 尚未到預測日期：2317.TW 2026-07-29
[RUN] 尚未到預測日期：3661.TW 2026-07-29
[RUN] 尚未到預測日期：6669.TW 2026-07-29
[RUN] 尚未到預測日期：2382.TW 2026-07-29
[RUN] 尚未到預測日期：3231.TW 2026-07-29
[RUN] 尚未到預測日期：2356.TW 2026-07-29
[RUN] 尚未到預測日期：3017.TW 2026-07-29
[RUN] 尚未到預測日期：3443.TW 2026-07-29
[RUN] 尚未到預測日期：2308.TW 2026-07-29
[RUN] 尚未到預測日期：3711.TW 2026-07-29
[RUN] 尚未到預測日期：3037.TW 2026-07-29
[RUN] 尚未到預測日期：2379.TW 2026-07-29
[RUN] 尚未到預測日期：2408.TW 2026-07-29
[RUN] 尚未到預測日期：2337.TW 2026-07-29
[RUN] 尚未到預測日期：2357.TW 2026-07-29
[RUN] 尚未到預測日期：1303.TW 2026-07-29
[RUN] 尚未到預測日期：0050.TW 2026-07-29
[RUN] 尚未到預測日期：2345.TW 2026-07-29
[RUN] 尚未到預測日期：2303.TW 2026-07-29

==================================================
SQLite 預測驗證完成
==================================================
成功：0
略過：21
失敗：0
[OK] 每日驗證流程完成
[CHECK] 啟動補預測檢查：2026-07-28 23:36:26
[CHECK] 檢查是否需要補預測：2026-07-29
[OK] 2026-07-29 已有預測紀錄，不需補跑
2026-07-28 23:37:50.674 | INFO     | FinMind.data.finmind_api:login_by_token:85 - Login success
INFO:     Started server process [17248]
INFO:     Waiting for application startup.
INFO:     Application startup complete.
INFO:     Uvicorn running on http://0.0.0.0:8000 (Press CTRL+C to quit)
2026-07-28 23:38:01.011 | INFO     | FinMind.data.finmind_api:login_by_token:85 - Login success
2026-07-28 23:38:01.012 | INFO     | FinMind.data.finmind_api:get_data:164 - download Dataset.TaiwanStockPrice, data_id: TAIEX
2026-07-28 23:38:31.916 | INFO     | FinMind.data.finmind_api:get_data:164 - download Dataset.TaiwanStockPrice, data_id: 2303
[INFO] 開始每日休市檢查：2026-07-28 23:37:52
[CHECK] 開始檢查 SQLite 休市預測日期

==================================================
SQLite 休市日期檢查完成
==================================================
更新：0
略過：21
失敗：0
[RUN] 開始每日預測驗證：2026-07-28 23:37:52
[RUN] update_prediction_result 啟動
[RUN] 尚未到預測日期：2330.TW 2026-07-29
[RUN] 尚未到預測日期：2454.TW 2026-07-29
[RUN] 尚未到預測日期：2317.TW 2026-07-29
[RUN] 尚未到預測日期：3661.TW 2026-07-29
[RUN] 尚未到預測日期：6669.TW 2026-07-29
[RUN] 尚未到預測日期：2382.TW 2026-07-29
[RUN] 尚未到預測日期：3231.TW 2026-07-29
[RUN] 尚未到預測日期：2356.TW 2026-07-29
[RUN] 尚未到預測日期：3017.TW 2026-07-29
[RUN] 尚未到預測日期：3443.TW 2026-07-29
[RUN] 尚未到預測日期：2308.TW 2026-07-29
[RUN] 尚未到預測日期：3711.TW 2026-07-29
[RUN] 尚未到預測日期：3037.TW 2026-07-29
[RUN] 尚未到預測日期：2379.TW 2026-07-29
[RUN] 尚未到預測日期：2408.TW 2026-07-29
[RUN] 尚未到預測日期：2337.TW 2026-07-29
[RUN] 尚未到預測日期：2357.TW 2026-07-29
[RUN] 尚未到預測日期：1303.TW 2026-07-29
[RUN] 尚未到預測日期：0050.TW 2026-07-29
[RUN] 尚未到預測日期：2345.TW 2026-07-29
[RUN] 尚未到預測日期：2303.TW 2026-07-29

==================================================
SQLite 預測驗證完成
==================================================
成功：0
略過：21
失敗：0
[OK] 每日驗證流程完成
[CHECK] 啟動補預測檢查：2026-07-28 23:37:52
[CHECK] 檢查是否需要補預測：2026-07-29
[OK] 2026-07-29 已有預測紀錄，不需補跑
[INFO] 排程已建立：2026-07-28 23:37:52
[OK] Scheduler 已啟動：2026-07-28 23:37:52
[RUN] update_prediction_result 啟動
[RUN] 尚未到預測日期：2330.TW 2026-07-29
[RUN] 尚未到預測日期：2454.TW 2026-07-29
[RUN] 尚未到預測日期：2317.TW 2026-07-29
[RUN] 尚未到預測日期：3661.TW 2026-07-29
[RUN] 尚未到預測日期：6669.TW 2026-07-29
[RUN] 尚未到預測日期：2382.TW 2026-07-29
[RUN] 尚未到預測日期：3231.TW 2026-07-29
[RUN] 尚未到預測日期：2356.TW 2026-07-29
[RUN] 尚未到預測日期：3017.TW 2026-07-29
[RUN] 尚未到預測日期：3443.TW 2026-07-29
[RUN] 尚未到預測日期：2308.TW 2026-07-29
[RUN] 尚未到預測日期：3711.TW 2026-07-29
[RUN] 尚未到預測日期：3037.TW 2026-07-29
[RUN] 尚未到預測日期：2379.TW 2026-07-29
[RUN] 尚未到預測日期：2408.TW 2026-07-29
[RUN] 尚未到預測日期：2337.TW 2026-07-29
[RUN] 尚未到預測日期：2357.TW 2026-07-29
[RUN] 尚未到預測日期：1303.TW 2026-07-29
[RUN] 尚未到預測日期：0050.TW 2026-07-29
[RUN] 尚未到預測日期：2345.TW 2026-07-29
[RUN] 尚未到預測日期：2303.TW 2026-07-29

==================================================
SQLite 預測驗證完成
==================================================
成功：0
略過：21
失敗：0
INFO:     127.0.0.1:64256 - "GET / HTTP/1.1" 200 OK
^C